═══════════════════════════════════════════
  Cadence Daily Correlation Run
  2026-05-01 21:07:41 UTC
═══════════════════════════════════════════

── Step 1: Update proxy scores ──
══════════════════════════════════════════
  PROXY SCORE VALIDATION
══════════════════════════════════════════
Days with both check-in + Visible: 15

DATE        TRUTH    PROXY  BUCKET   MATCH
──────────────────────────────────────────
2026-04-16  bad         —  —        ❌
2026-04-17  bad         —  —        ❌
2026-04-18  good        —  —        ❌
2026-04-19  mixed       —  —        ❌
2026-04-20  bad         —  —        ❌
2026-04-21  mixed       —  —        ❌
2026-04-22  bad         —  —        ❌
2026-04-23  bad         —  —        ❌
2026-04-24  mixed    0.60  mixed    ✅
2026-04-25  bad      0.00  bad      ✅
2026-04-26  bad      0.00  bad      ✅
2026-04-27  bad      0.60  mixed    ❌
2026-04-28  bad      0.60  mixed    ❌
2026-04-29  mixed    1.10  mixed    ✅
2026-04-30  mixed    0.10  bad      ❌

Exact bucket accuracy: 4/15 = 26.7%
Within 1 bucket:       7/15 = 46.7%

══════════════════════════════════════════
  PROXY APPLIED TO ALL 62 VISIBLE DAYS
══════════════════════════════════════════
Distribution: { bad: 29, good: 9, mixed: 24 }

✅ Upserted 62 proxy scores to feeling_proxy collection

── Step 2: Run correlation analysis ──
Loaded: 1086 WHOOP, 378 Visible, 15 check-ins

Labeled days: 15
Feeling distribution: { bad: 9, good: 1, mixed: 5 }

══════════════════════════════════════════
  FEATURE → FEELING SCORE CORRELATIONS
══════════════════════════════════════════
Spearman r (positive = more of feature → better feeling)
Negative = more of feature → worse feeling

FEATURE                       r       n     interpretation
──────────────────────────────────────────────────────────
v_hrv                        -0.874     7  🔴↓
pace_points                   0.866     7  🟢↑
pace_lag3                    -0.738     5  🔴↓
adderall                      0.668    15  🟢↑
stability_lag1                0.612     6  🟢↑
strain                        0.526    12  🟢↑
recovery                     -0.517    12  🔴↓
hrv                          -0.500    12  🔴↓
socially_demanding            0.419    15  🟢↑
pace_lag2                    -0.414     6  🔴↓
stability_lag2                0.408     5  🟢↑
rhr                           0.374    12  🟢↑
sleep_lag3                   -0.368    12  🔴↓
v_rhr                        -0.364     7  🔴↓
sleep_lag1                    0.357    12  🟢↑
stomach_pain                 -0.348    15  🔴↓
respiratory_rate             -0.345    12  🔴↓
strain_lag2                  -0.343    12  🔴↓
spo2                          0.342    11  🟢↑
probiotics                   -0.340    15  🔴↓
pace_lag1                     0.316     7  🟢↑
crash                        -0.314    15  🔴↓
stimulants                    0.286    15  🟡↑
skin_temp                    -0.240    12  🟡↓
brain_fog                    -0.229    15  🟡↓
physically_active             0.205    15  🟡↑
sleep_sws_hours               0.193    12  🟡↑
hrv_lag2                      0.191    12  🟡↑
sleep_disturbances            0.191    12  🟡↑
muscle_aches                 -0.181    15  🟡↓
strain_lag1                   0.179    12  🟡↑
recovery_lag1                -0.167    12  🟡↓
stability                     0.161     7  🟡↑
sleep_consistency             0.152    12  🟡↑
sleep_total_hours             0.130    12     
sleep_perf                    0.122    12     
recovery_lag3                -0.116    12     
sleep_efficiency              0.113    12     
recovery_3d_avg              -0.104    10     
strain_lag3                  -0.101    11     
headache                     -0.089    15     
nerve_pain                   -0.089    15     
hrv_lag1                     -0.080    12     
emotionally_stressful         0.080    15     
shortness                     0.077    15     
left_home                     0.076    15     
recovery_lag2                 0.060    12     
lightheaded                   0.052    15     
sleep_rem_hours               0.050    12     
fatigue                       0.049    15     
hrv_lag3                     -0.028    12     
mentally_demanding            0.015    15     
sleep_lag2                   -0.004    12     
pacing_budget                 0.000     7     
anxiety                       0.000    15     
depression                    0.000    15     
compression                   0.000    15     

Feature matrix saved: /home2/cleo/.openclaw/workspace/projects/cadence/analysis/features.csv (15 rows × 65 cols)
Correlations saved: /home2/cleo/.openclaw/workspace/projects/cadence/analysis/correlations.json

✅ Daily run complete: 21:07:42 UTC
